
> ask-my-notes@0.1.0 build
> next build

